 El volumen de la unidad C no tiene etiqueta.
 El n£mero de serie del volumen es: 781F-548D

 Directorio de C:\Users\Enrique\Desktop\App-Finanzas

12/02/2026  22:47    <DIR>          .
12/02/2026  22:47    <DIR>          ..
31/01/2026  10:44             1,179 .env
31/01/2026  12:29                93 .env.example
19/01/2026  21:55                66 .gitattributes
20/01/2026  21:32    <DIR>          .github
26/01/2026  06:50                65 .gitignore
17/01/2026  12:56    <DIR>          .vscode
26/01/2026  15:36               460 add_age_column.sql
01/02/2026  15:25             1,433 add_transfer_columns.sql
01/02/2026  19:11    <DIR>          android
01/02/2026  16:52               277 capacitor.config.json
07/02/2026  18:32               474 check_all_date_fields.sql
07/02/2026  18:20               379 check_investments_rls.sql
07/02/2026  18:22               568 check_investments_structure.sql
26/01/2026  06:50             5,737 CONFIGURACION_AUTOMATICA.md
07/02/2026  09:18                 2 create_import_logs.sql
26/01/2026  18:04             1,168 create_import_logs_table.sql
08/02/2026  21:09            20,380 CRONOGRAMA_PROYECTO.md
25/01/2026  12:46             5,830 DIAGNOSTICO_SINCRONIZACION.md
01/02/2026  16:58    <DIR>          dist
07/02/2026  18:53             2,751 final_fix_investments_schema.sql
26/01/2026  14:17             1,464 fix_accounts_table.sql
07/02/2026  18:32             1,008 fix_all_date_fields.sql
07/02/2026  18:24               581 fix_buy_date_type.sql
07/02/2026  17:04             4,072 fix_investments_table.sql
31/01/2026  19:30             2,062 fix_journal_health_log.sql
04/02/2026  15:38             1,884 fix_journal_medications.sql
31/01/2026  19:30             1,912 fix_journal_tcc.sql
07/02/2026  22:00             1,146 fix_journal_tcc_schema.sql
26/01/2026  16:09               979 fix_medical_records_table.sql
08/02/2026  20:46             1,503 fix_paid_installments.sql
04/02/2026  12:14             4,661 fix_vehicles_table.sql
12/02/2026  22:46               410 git_output.txt
26/01/2026  12:35             4,621 GUIA_SUPABASE.md
06/02/2026  18:23               812 index.html
26/01/2026  06:45             5,977 INICIO_RAPIDO.md
26/01/2026  13:19             1,889 INSTRUCCIONES_CREDENCIALES.txt
06/02/2026  10:43             3,105 master_fix_all_tables.sql
01/02/2026  16:51    <DIR>          node_modules
01/02/2026  16:51           137,871 package-lock.json
01/02/2026  16:51               817 package.json
17/01/2026  16:05                98 postcss.config.js
27/01/2026  20:20             4,708 PROMPT_MAESTRO_APP.md
07/02/2026  19:06             1,065 remove_type_column.sql
25/01/2026  12:48             7,870 RESUMEN_CORRECCIONES.md
07/02/2026  18:20             1,721 setup_investments_rls.sql
31/01/2026  12:30    <DIR>          src
26/01/2026  12:34             1,865 subir-a-github.bat
26/01/2026  06:54             3,975 SUBIR_A_GIT.md
25/01/2026  12:47            17,649 supabase_setup.sql
04/02/2026  12:16            15,954 supabase_setup_complete.sql
26/01/2026  13:53             5,979 supabase_setup_simple.sql
17/01/2026  16:05               346 tailwind.config.js
07/02/2026  18:22             1,182 test_insert_investment.sql
10/02/2026  20:57               997 test_journal_health_log.sql
12/02/2026  22:47                 0 test_output.txt
17/01/2026  12:32    <DIR>          vanilla-v1
07/02/2026  18:52               229 verify_current_structure.sql
07/02/2026  17:53             2,062 verify_investments_columns.sql
20/01/2026  21:27               220 vite.config.js
              52 archivos        283,556 bytes
               9 dirs  83,400,278,016 bytes libres
